============================= test session starts ==============================
platform linux -- Python 3.10.12, pytest-8.4.2, pluggy-1.6.0 -- /usr/bin/python3
cachedir: .pytest_cache
benchmark: 5.1.0 (defaults: timer=time.perf_counter disable_gc=False min_rounds=5 min_time=0.000005 max_time=1.0 calibration_precision=10 warmup=False warmup_iterations=100000)
rootdir: /home/zxjcarrot/Workspace/caliby
configfile: pytest.ini
plugins: anyio-4.11.0, Faker-37.1.1, benchmark-5.1.0
collecting ... collected 145 items

../../home/zxjcarrot/Workspace/caliby/tests/test_catalog.py::TestCatalogBasic::test_import PASSED [  0%]
../../home/zxjcarrot/Workspace/caliby/tests/test_catalog.py::TestCatalogBasic::test_index_type_enum PASSED [  1%]
../../home/zxjcarrot/Workspace/caliby/tests/test_catalog.py::TestCatalogBasic::test_index_status_enum PASSED [  2%]
../../home/zxjcarrot/Workspace/caliby/tests/test_catalog.py::TestCatalogBasic::test_create_hnsw_config PASSED [  2%]
../../home/zxjcarrot/Workspace/caliby/tests/test_catalog.py::TestCatalogBasic::test_create_diskann_config PASSED [  3%]
../../home/zxjcarrot/Workspace/caliby/tests/test_catalog.py::TestCatalogBasic::test_create_index_config PASSED [  4%]
../../home/zxjcarrot/Workspace/caliby/tests/test_catalog.py::TestCatalogInstance::test_get_instance PASSED [  4%]
../../home/zxjcarrot/Workspace/caliby/tests/test_catalog.py::TestCatalogInstance::test_singleton_same_instance PASSED [  5%]
../../home/zxjcarrot/Workspace/caliby/tests/test_catalog.py::TestCatalogOperations::test_initialize_catalog PASSED [  6%]
../../home/zxjcarrot/Workspace/caliby/tests/test_catalog.py::TestCatalogOperations::test_list_empty_catalog PASSED [  6%]
../../home/zxjcarrot/Workspace/caliby/tests/test_catalog.py::TestCatalogOperations::test_create_hnsw_index PASSED [  7%]
../../home/zxjcarrot/Workspace/caliby/tests/test_catalog.py::TestCatalogOperations::test_create_diskann_index PASSED [  8%]
../../home/zxjcarrot/Workspace/caliby/tests/test_catalog.py::TestCatalogOperations::test_open_existing_index PASSED [  8%]
../../home/zxjcarrot/Workspace/caliby/tests/test_catalog.py::TestCatalogOperations::test_open_nonexistent_index PASSED [  9%]
../../home/zxjcarrot/Workspace/caliby/tests/test_catalog.py::TestCatalogOperations::test_drop_index PASSED [ 10%]
../../home/zxjcarrot/Workspace/caliby/tests/test_catalog.py::TestCatalogOperations::test_multiple_indexes PASSED [ 11%]
../../home/zxjcarrot/Workspace/caliby/tests/test_catalog.py::TestIndexHandle::test_handle_validity PASSED [ 11%]
../../home/zxjcarrot/Workspace/caliby/tests/test_catalog.py::TestIndexHandle::test_handle_index_id PASSED [ 12%]
../../home/zxjcarrot/Workspace/caliby/tests/test_catalog.py::TestIndexHandle::test_handle_properties PASSED [ 13%]
../../home/zxjcarrot/Workspace/caliby/tests/test_catalog.py::TestIndexHandle::test_global_page_id PASSED [ 13%]
../../home/zxjcarrot/Workspace/caliby/tests/test_catalog.py::TestTranslationPathCaching::test_page_id_structure PASSED [ 14%]
../../home/zxjcarrot/Workspace/caliby/tests/test_diskann.py::TestDiskANNBasic::test_import PASSED [ 15%]
../../home/zxjcarrot/Workspace/caliby/tests/test_diskann.py::TestDiskANNBasic::test_create_build_params PASSED [ 15%]
../../home/zxjcarrot/Workspace/caliby/tests/test_diskann.py::TestDiskANNBasic::test_create_search_params PASSED [ 16%]
../../home/zxjcarrot/Workspace/caliby/tests/test_diskann.py::TestDiskANNBasic::test_modify_build_params PASSED [ 17%]
../../home/zxjcarrot/Workspace/caliby/tests/test_diskann.py::TestDiskANNBasic::test_modify_search_params PASSED [ 17%]
../../home/zxjcarrot/Workspace/caliby/tests/test_diskann.py::TestDiskANNBasic::test_create_index PASSED [ 18%]
../../home/zxjcarrot/Workspace/caliby/tests/test_diskann.py::TestDiskANNOperations::test_build_index PASSED [ 19%]
../../home/zxjcarrot/Workspace/caliby/tests/test_diskann.py::TestDiskANNOperations::test_search_after_build PASSED [ 20%]
../../home/zxjcarrot/Workspace/caliby/tests/test_diskann.py::TestDiskANNParallel::test_parallel_search PASSED [ 20%]
../../home/zxjcarrot/Workspace/caliby/tests/test_diskann.py::TestDiskANNParameters::test_various_R_values[16] PASSED [ 21%]
../../home/zxjcarrot/Workspace/caliby/tests/test_diskann.py::TestDiskANNParameters::test_various_R_values[32] PASSED [ 22%]
../../home/zxjcarrot/Workspace/caliby/tests/test_diskann.py::TestDiskANNParameters::test_various_R_values[64] PASSED [ 22%]
../../home/zxjcarrot/Workspace/caliby/tests/test_diskann.py::TestDiskANNParameters::test_L_search_affects_results PASSED [ 23%]
../../home/zxjcarrot/Workspace/caliby/tests/test_diskann.py::TestDiskANNRecall::test_recall_at_10 PASSED [ 24%]
../../home/zxjcarrot/Workspace/caliby/tests/test_distance.py::TestDistanceComputation::test_l2_distance_self PASSED [ 24%]
../../home/zxjcarrot/Workspace/caliby/tests/test_distance.py::TestDistanceComputation::test_l2_distance_symmetric PASSED [ 25%]
../../home/zxjcarrot/Workspace/caliby/tests/test_distance.py::TestDistanceComputation::test_l2_distance_triangle_inequality PASSED [ 26%]
../../home/zxjcarrot/Workspace/caliby/tests/test_distance.py::TestDistanceComputation::test_l2_distance_non_negative PASSED [ 26%]
../../home/zxjcarrot/Workspace/caliby/tests/test_distance.py::TestDistanceComputation::test_l2_distance_zero_iff_equal PASSED [ 27%]
../../home/zxjcarrot/Workspace/caliby/tests/test_distance.py::TestVectorNormalization::test_normalize_vector PASSED [ 28%]
../../home/zxjcarrot/Workspace/caliby/tests/test_distance.py::TestVectorNormalization::test_normalize_preserves_direction PASSED [ 28%]
../../home/zxjcarrot/Workspace/caliby/tests/test_distance.py::TestVectorNormalization::test_cosine_similarity PASSED [ 29%]
../../home/zxjcarrot/Workspace/caliby/tests/test_distance.py::TestVectorNormalization::test_identical_vectors_max_similarity PASSED [ 30%]
../../home/zxjcarrot/Workspace/caliby/tests/test_distance.py::TestBatchOperations::test_batch_l2_distances PASSED [ 31%]
../../home/zxjcarrot/Workspace/caliby/tests/test_distance.py::TestBatchOperations::test_find_nearest_neighbor PASSED [ 31%]
../../home/zxjcarrot/Workspace/caliby/tests/test_distance.py::TestBatchOperations::test_find_k_nearest_neighbors PASSED [ 32%]
../../home/zxjcarrot/Workspace/caliby/tests/test_distance.py::TestNumericalStability::test_small_vectors PASSED [ 33%]
../../home/zxjcarrot/Workspace/caliby/tests/test_distance.py::TestNumericalStability::test_large_vectors PASSED [ 33%]
../../home/zxjcarrot/Workspace/caliby/tests/test_distance.py::TestNumericalStability::test_mixed_scale_vectors PASSED [ 34%]
../../home/zxjcarrot/Workspace/caliby/tests/test_force_eviction.py::test_force_eviction PASSED [ 35%]
../../home/zxjcarrot/Workspace/caliby/tests/test_hnsw.py::TestHNSWBasic::test_import PASSED [ 35%]
../../home/zxjcarrot/Workspace/caliby/tests/test_hnsw.py::TestHNSWBasic::test_create_index PASSED [ 36%]
../../home/zxjcarrot/Workspace/caliby/tests/test_hnsw.py::TestHNSWBasic::test_add_single_point PASSED [ 37%]
../../home/zxjcarrot/Workspace/caliby/tests/test_hnsw.py::TestHNSWBasic::test_add_multiple_points PASSED [ 37%]
../../home/zxjcarrot/Workspace/caliby/tests/test_hnsw.py::TestHNSWSearch::test_knn_search PASSED [ 38%]
../../home/zxjcarrot/Workspace/caliby/tests/test_hnsw.py::TestHNSWSearch::test_search_exact_match FAILED [ 39%]
../../home/zxjcarrot/Workspace/caliby/tests/test_hnsw.py::TestHNSWSearch::test_ef_parameter_affects_results PASSED [ 40%]
../../home/zxjcarrot/Workspace/caliby/tests/test_hnsw.py::TestHNSWParallel::test_parallel_search PASSED [ 40%]
../../home/zxjcarrot/Workspace/caliby/tests/test_hnsw.py::TestHNSWParameters::test_various_M[4] PASSED [ 41%]
../../home/zxjcarrot/Workspace/caliby/tests/test_hnsw.py::TestHNSWParameters::test_various_M[8] PASSED [ 42%]
../../home/zxjcarrot/Workspace/caliby/tests/test_hnsw.py::TestHNSWParameters::test_various_M[16] PASSED [ 42%]
../../home/zxjcarrot/Workspace/caliby/tests/test_hnsw.py::TestHNSWParameters::test_various_M[32] PASSED [ 43%]
../../home/zxjcarrot/Workspace/caliby/tests/test_hnsw.py::TestHNSWRecall::test_recall_at_10 PASSED [ 44%]
../../home/zxjcarrot/Workspace/caliby/tests/test_hnsw.py::TestHNSWRecovery::test_basic_recovery PASSED [ 44%]
../../home/zxjcarrot/Workspace/caliby/tests/test_hnsw.py::TestHNSWRecovery::test_skip_recovery_flag PASSED [ 45%]
../../home/zxjcarrot/Workspace/caliby/tests/test_hnsw.py::TestHNSWRecovery::test_recovery_with_different_params PASSED [ 46%]
../../home/zxjcarrot/Workspace/caliby/tests/test_hole_punching.py::TestHolePunching::test_hole_punching_with_explicit_eviction PASSED [ 46%]
../../home/zxjcarrot/Workspace/caliby/tests/test_hole_punching.py::TestHolePunching::test_hole_punching_reclaims_memory PASSED [ 47%]
../../home/zxjcarrot/Workspace/caliby/tests/test_hole_punching.py::TestHolePunching::test_multiple_indexes_hole_punching PASSED [ 48%]
../../home/zxjcarrot/Workspace/caliby/tests/test_hole_punching.py::TestHolePunching::test_hole_punching_with_memory_pressure 